===================================================
  MULTI-TENANT POSTGRES ISOLATION TEST SUITE
===================================================


---------------------------------------------------
Checking schema layout for db_tenant_a
---------------------------------------------------
[?1049h[22;0;0t[24;1H[?1h=    schema_name     
--------------------
 public
 information_schema
 pg_catalog
 pg_toast
 app
(5 rows)

[7m(END)[27m[K[H[2J[H[H[2J[H    schema_name     
--------------------
 public
 information_schema
 pg_catalog
 pg_toast
 app
(5 rows)

[1m~[0m
[1m~[0m
[1m~[0m
[1m~[0m
[1m~[0m
[1m~[0m
[1m~[0m
[1m~[0m
[1m~[0m
[1m~[0m
[1m~[0m
[1m~[0m
[1m~[0m
[1m~[0m
[7m(END)[27m[KCancel request sent
[H[2J[H[H[2J[H    schema_name     
--------------------
 public
 information_schema
 pg_catalog
 pg_toast
 app
(5 rows)

[1m~[0m
[1m~[0m
[1m~[0m
[1m~[0m
[1m~[0m
[1m~[0m
[1m~[0m
[1m~[0m
[1m~[0m
[1m~[0m
[1m~[0m
[1m~[0m
[1m~[0m
[1m~[0m
[7m(END)[27m[KCancel request sent
[H[2J[H[H[2J[H    schema_name     
--------------------
 public
 information_schema
 pg_catalog
 pg_toast
 app
(5 rows)

[1m~[0m
[1m~[0m
[1m~[0m
[1m~[0m
[1m~[0m
[1m~[0m
[1m~[0m
[1m~[0m
[1m~[0m
[1m~[0m
[1m~[0m
[1m~[0m
[1m~[0m
[1m~[0m
[7m(END)[27m[KCancel request sent
[H[2J[H[H[2J[H    schema_name     
--------------------
 public
 information_schema
 pg_catalog
 pg_toast
 app
(5 rows)

[1m~[0m
[1m~[0m
[1m~[0m
[1m~[0m
[1m~[0m
[1m~[0m
[1m~[0m
[1m~[0m
[1m~[0m
[1m~[0m
[1m~[0m
[1m~[0m
[1m~[0m
[1m~[0m
[7m(END)[27m[KCancel request sent
[H[2J[H[H[2J[H    schema_name     
--------------------
 public
 information_schema
 pg_catalog
 pg_toast
 app
(5 rows)

[1m~[0m
[1m~[0m
[1m~[0m
[1m~[0m
[1m~[0m
[1m~[0m
[1m~[0m
[1m~[0m
[1m~[0m
[1m~[0m
[1m~[0m
[1m~[0m
[1m~[0m
[1m~[0m
[7m(END)[27m[KCancel request sent
[H[2J[H[H[2J[H    schema_name     
--------------------
 public
 information_schema
 pg_catalog
 pg_toast
 app
(5 rows)

[1m~[0m
[1m~[0m
[1m~[0m
[1m~[0m
[1m~[0m
[1m~[0m
[1m~[0m
[1m~[0m
[1m~[0m
[1m~[0m
[1m~[0m
[1m~[0m
[1m~[0m
[1m~[0m
[7m(END)[27m[KCancel request sent
[H[2J[H[H[2J[H    schema_name     
--------------------
 public
 information_schema
 pg_catalog
 pg_toast
 app
(5 rows)

[1m~[0m
[1m~[0m
[1m~[0m
[1m~[0m
[1m~[0m
[1m~[0m
[1m~[0m
[1m~[0m
[1m~[0m
[1m~[0m
[1m~[0m
[1m~[0m
[1m~[0m
[1m~[0m
[7m(END)[27m[KCancel request sent
[H[2J[H[H[2J[H    schema_name     
--------------------
 public
 information_schema
 pg_catalog
 pg_toast
 app
(5 rows)

[1m~[0m
[1m~[0m
[1m~[0m
[1m~[0m
[1m~[0m
[1m~[0m
[1m~[0m
[1m~[0m
[1m~[0m
[1m~[0m
[1m~[0m
[1m~[0m
[1m~[0m
[1m~[0m
[7m(END)[27m[KCancel request sent
